###############################################################################
#
# IAR ELF Linker V7.20.2.7424/W32 for ARM                 25/May/2018  22:11:10
# Copyright 2007-2014 IAR Systems AB.
#
#    Output file  =  
#        C:\Users\94827\Desktop\高骏涛修改\后车2400\飞思卡尔程序\车 - 副本 -
#        副本\Prj\IAR\DZ10_Debug\Exe\vcan_Kinetis.out
#    Map file     =  
#        C:\Users\94827\Desktop\高骏涛修改\后车2400\飞思卡尔程序\车 - 副本 -
#        副本\Prj\IAR\DZ10_Debug\List\vcan_Kinetis.map
#    Command line =  
#        "C:\Users\94827\Desktop\高骏涛修改\后车2400\飞思卡尔程序\车 - 副本 -
#        副本\Prj\IAR\DZ10_Debug\Obj\bsp_my_oled.o"
#        "C:\Users\94827\Desktop\高骏涛修改\后车2400\飞思卡尔程序\车 - 副本 -
#        副本\Prj\IAR\DZ10_Debug\Obj\bsp_oled.o"
#        "C:\Users\94827\Desktop\高骏涛修改\后车2400\飞思卡尔程序\车 - 副本 -
#        副本\Prj\IAR\DZ10_Debug\Obj\button.o"
#        "C:\Users\94827\Desktop\高骏涛修改\后车2400\飞思卡尔程序\车 - 副本 -
#        副本\Prj\IAR\DZ10_Debug\Obj\diskio.o"
#        "C:\Users\94827\Desktop\高骏涛修改\后车2400\飞思卡尔程序\车 - 副本 -
#        副本\Prj\IAR\DZ10_Debug\Obj\ff.o"
#        "C:\Users\94827\Desktop\高骏涛修改\后车2400\飞思卡尔程序\车 - 副本 -
#        副本\Prj\IAR\DZ10_Debug\Obj\flash_param.o"
#        "C:\Users\94827\Desktop\高骏涛修改\后车2400\飞思卡尔程序\车 - 副本 -
#        副本\Prj\IAR\DZ10_Debug\Obj\get_car_angle.o"
#        "C:\Users\94827\Desktop\高骏涛修改\后车2400\飞思卡尔程序\车 - 副本 -
#        副本\Prj\IAR\DZ10_Debug\Obj\global_var.o"
#        "C:\Users\94827\Desktop\高骏涛修改\后车2400\飞思卡尔程序\车 - 副本 -
#        副本\Prj\IAR\DZ10_Debug\Obj\infrared.o"
#        "C:\Users\94827\Desktop\高骏涛修改\后车2400\飞思卡尔程序\车 - 副本 -
#        副本\Prj\IAR\DZ10_Debug\Obj\init.o"
#        "C:\Users\94827\Desktop\高骏涛修改\后车2400\飞思卡尔程序\车 - 副本 -
#        副本\Prj\IAR\DZ10_Debug\Obj\isr.o"
#        "C:\Users\94827\Desktop\高骏涛修改\后车2400\飞思卡尔程序\车 - 副本 -
#        副本\Prj\IAR\DZ10_Debug\Obj\main.o"
#        "C:\Users\94827\Desktop\高骏涛修改\后车2400\飞思卡尔程序\车 - 副本 -
#        副本\Prj\IAR\DZ10_Debug\Obj\misc.o"
#        "C:\Users\94827\Desktop\高骏涛修改\后车2400\飞思卡尔程序\车 - 副本 -
#        副本\Prj\IAR\DZ10_Debug\Obj\MK60_adc.o"
#        "C:\Users\94827\Desktop\高骏涛修改\后车2400\飞思卡尔程序\车 - 副本 -
#        副本\Prj\IAR\DZ10_Debug\Obj\MK60_can.o"
#        "C:\Users\94827\Desktop\高骏涛修改\后车2400\飞思卡尔程序\车 - 副本 -
#        副本\Prj\IAR\DZ10_Debug\Obj\MK60_conf.o"
#        "C:\Users\94827\Desktop\高骏涛修改\后车2400\飞思卡尔程序\车 - 副本 -
#        副本\Prj\IAR\DZ10_Debug\Obj\MK60_dac.o"
#        "C:\Users\94827\Desktop\高骏涛修改\后车2400\飞思卡尔程序\车 - 副本 -
#        副本\Prj\IAR\DZ10_Debug\Obj\MK60_dma.o"
#        "C:\Users\94827\Desktop\高骏涛修改\后车2400\飞思卡尔程序\车 - 副本 -
#        副本\Prj\IAR\DZ10_Debug\Obj\MK60_DWT.o"
#        "C:\Users\94827\Desktop\高骏涛修改\后车2400\飞思卡尔程序\车 - 副本 -
#        副本\Prj\IAR\DZ10_Debug\Obj\MK60_flash.o"
#        "C:\Users\94827\Desktop\高骏涛修改\后车2400\飞思卡尔程序\车 - 副本 -
#        副本\Prj\IAR\DZ10_Debug\Obj\MK60_flexbus.o"
#        "C:\Users\94827\Desktop\高骏涛修改\后车2400\飞思卡尔程序\车 - 副本 -
#        副本\Prj\IAR\DZ10_Debug\Obj\MK60_ftm.o"
#        "C:\Users\94827\Desktop\高骏涛修改\后车2400\飞思卡尔程序\车 - 副本 -
#        副本\Prj\IAR\DZ10_Debug\Obj\MK60_gpio.o"
#        "C:\Users\94827\Desktop\高骏涛修改\后车2400\飞思卡尔程序\车 - 副本 -
#        副本\Prj\IAR\DZ10_Debug\Obj\MK60_i2c.o"
#        "C:\Users\94827\Desktop\高骏涛修改\后车2400\飞思卡尔程序\车 - 副本 -
#        副本\Prj\IAR\DZ10_Debug\Obj\MK60_it.o"
#        "C:\Users\94827\Desktop\高骏涛修改\后车2400\飞思卡尔程序\车 - 副本 -
#        副本\Prj\IAR\DZ10_Debug\Obj\MK60_lptmr.o"
#        "C:\Users\94827\Desktop\高骏涛修改\后车2400\飞思卡尔程序\车 - 副本 -
#        副本\Prj\IAR\DZ10_Debug\Obj\MK60_mcg.o"
#        "C:\Users\94827\Desktop\高骏涛修改\后车2400\飞思卡尔程序\车 - 副本 -
#        副本\Prj\IAR\DZ10_Debug\Obj\MK60_PIT.o"
#        "C:\Users\94827\Desktop\高骏涛修改\后车2400\飞思卡尔程序\车 - 副本 -
#        副本\Prj\IAR\DZ10_Debug\Obj\MK60_port.o"
#        "C:\Users\94827\Desktop\高骏涛修改\后车2400\飞思卡尔程序\车 - 副本 -
#        副本\Prj\IAR\DZ10_Debug\Obj\MK60_rtc.o"
#        "C:\Users\94827\Desktop\高骏涛修改\后车2400\飞思卡尔程序\车 - 副本 -
#        副本\Prj\IAR\DZ10_Debug\Obj\MK60_sdhc.o"
#        "C:\Users\94827\Desktop\高骏涛修改\后车2400\飞思卡尔程序\车 - 副本 -
#        副本\Prj\IAR\DZ10_Debug\Obj\MK60_spi.o"
#        "C:\Users\94827\Desktop\高骏涛修改\后车2400\飞思卡尔程序\车 - 副本 -
#        副本\Prj\IAR\DZ10_Debug\Obj\MK60_SysTick.o"
#        "C:\Users\94827\Desktop\高骏涛修改\后车2400\飞思卡尔程序\车 - 副本 -
#        副本\Prj\IAR\DZ10_Debug\Obj\MK60_uart.o"
#        "C:\Users\94827\Desktop\高骏涛修改\后车2400\飞思卡尔程序\车 - 副本 -
#        副本\Prj\IAR\DZ10_Debug\Obj\MK60_usb.o"
#        "C:\Users\94827\Desktop\高骏涛修改\后车2400\飞思卡尔程序\车 - 副本 -
#        副本\Prj\IAR\DZ10_Debug\Obj\MK60_wdog.o"
#        "C:\Users\94827\Desktop\高骏涛修改\后车2400\飞思卡尔程序\车 - 副本 -
#        副本\Prj\IAR\DZ10_Debug\Obj\mpu6050.o"
#        "C:\Users\94827\Desktop\高骏涛修改\后车2400\飞思卡尔程序\车 - 副本 -
#        副本\Prj\IAR\DZ10_Debug\Obj\mpuiic.o"
#        "C:\Users\94827\Desktop\高骏涛修改\后车2400\飞思卡尔程序\车 - 副本 -
#        副本\Prj\IAR\DZ10_Debug\Obj\picture_deal.o"
#        "C:\Users\94827\Desktop\高骏涛修改\后车2400\飞思卡尔程序\车 - 副本 -
#        副本\Prj\IAR\DZ10_Debug\Obj\scope.o"
#        "C:\Users\94827\Desktop\高骏涛修改\后车2400\飞思卡尔程序\车 - 副本 -
#        副本\Prj\IAR\DZ10_Debug\Obj\speed_control.o"
#        "C:\Users\94827\Desktop\高骏涛修改\后车2400\飞思卡尔程序\车 - 副本 -
#        副本\Prj\IAR\DZ10_Debug\Obj\startup_MK60DZ10.o"
#        "C:\Users\94827\Desktop\高骏涛修改\后车2400\飞思卡尔程序\车 - 副本 -
#        副本\Prj\IAR\DZ10_Debug\Obj\steer_control.o"
#        "C:\Users\94827\Desktop\高骏涛修改\后车2400\飞思卡尔程序\车 - 副本 -
#        副本\Prj\IAR\DZ10_Debug\Obj\system_MK60DZ10.o"
#        "C:\Users\94827\Desktop\高骏涛修改\后车2400\飞思卡尔程序\车 - 副本 -
#        副本\Prj\IAR\DZ10_Debug\Obj\ui_debug.o"
#        "C:\Users\94827\Desktop\高骏涛修改\后车2400\飞思卡尔程序\车 - 副本 -
#        副本\Prj\IAR\DZ10_Debug\Obj\ui_debug_common.o"
#        "C:\Users\94827\Desktop\高骏涛修改\后车2400\飞思卡尔程序\车 - 副本 -
#        副本\Prj\IAR\DZ10_Debug\Obj\ui_setpage.o"
#        "C:\Users\94827\Desktop\高骏涛修改\后车2400\飞思卡尔程序\车 - 副本 -
#        副本\Prj\IAR\DZ10_Debug\Obj\USB.o"
#        "C:\Users\94827\Desktop\高骏涛修改\后车2400\飞思卡尔程序\车 - 副本 -
#        副本\Prj\IAR\DZ10_Debug\Obj\USB_CDC.o"
#        "C:\Users\94827\Desktop\高骏涛修改\后车2400\飞思卡尔程序\车 - 副本 -
#        副本\Prj\IAR\DZ10_Debug\Obj\VCAN_camera.o"
#        "C:\Users\94827\Desktop\高骏涛修改\后车2400\飞思卡尔程序\车 - 副本 -
#        副本\Prj\IAR\DZ10_Debug\Obj\vcan_img2sd.o"
#        "C:\Users\94827\Desktop\高骏涛修改\后车2400\飞思卡尔程序\车 - 副本 -
#        副本\Prj\IAR\DZ10_Debug\Obj\VCAN_key.o"
#        "C:\Users\94827\Desktop\高骏涛修改\后车2400\飞思卡尔程序\车 - 副本 -
#        副本\Prj\IAR\DZ10_Debug\Obj\VCAN_LED.o"
#        "C:\Users\94827\Desktop\高骏涛修改\后车2400\飞思卡尔程序\车 - 副本 -
#        副本\Prj\IAR\DZ10_Debug\Obj\VCAN_NRF24L0.o"
#        "C:\Users\94827\Desktop\高骏涛修改\后车2400\飞思卡尔程序\车 - 副本 -
#        副本\Prj\IAR\DZ10_Debug\Obj\VCAN_OV7725_Eagle.o"
#        "C:\Users\94827\Desktop\高骏涛修改\后车2400\飞思卡尔程序\车 - 副本 -
#        副本\Prj\IAR\DZ10_Debug\Obj\VCAN_SCCB.o"
#        "C:\Users\94827\Desktop\高骏涛修改\后车2400\飞思卡尔程序\车 - 副本 -
#        副本\Prj\IAR\DZ10_Debug\Obj\vectors.o" --redirect
#        _Printf=_PrintfLargeNoMb --redirect _Scanf=_ScanfLargeNoMb -o
#        "C:\Users\94827\Desktop\高骏涛修改\后车2400\飞思卡尔程序\车 - 副本 -
#        副本\Prj\IAR\DZ10_Debug\Exe\vcan_Kinetis.out" --map
#        "C:\Users\94827\Desktop\高骏涛修改\后车2400\飞思卡尔程序\车 - 副本 -
#        副本\Prj\IAR\DZ10_Debug\List\vcan_Kinetis.map" --config
#        "C:\Users\94827\Desktop\高骏涛修改\后车2400\飞思卡尔程序\车 - 副本 -
#        副本\Prj\IAR\config files\vcan_ROM_K60N512.icf"
#        "C:\Users\94827\Desktop\高骏涛修改\后车2400\飞思卡尔程序\车 - 副本 -
#        副本\Prj\IAR\..\..\Lib\CMSIS\iar_cortexM4l_math.a" --entry
#        __iar_program_start --vfe
#
###############################################################################

*******************************************************************************
*** RUNTIME MODEL ATTRIBUTES
***

CppFlavor       = *
__SystemLibrary = DLib


*******************************************************************************
*** PLACEMENT SUMMARY
***

"A1":  place at 0x00000000 { ro section .intvec };
"A2":  place at 0x00000410 { ro section .noinit };
"P1":  place in [from 0x00000000 to 0x00080000] { ro, block CodeRelocate };
"P2":  place in [from 0x1fff0410 to 0x20010000] {
          rw, block CodeRelocateRam, block CSTACK, block HEAP };

  Section              Kind        Address    Size  Object
  -------              ----        -------    ----  ------
"A1":                                        0x410
  .intvec              const    0x00000000   0x410  vectors.o [1]
                              - 0x00000410   0x410

"P1", part 1 of 2:                             0x0
  .rodata              const    0x00000410     0x0  zero_init3.o [5]

"A2":                                          0x8
  .noinit              ro code  0x00000410     0x8  startup_MK60DZ10.o [1]
                              - 0x00000418     0x8

"P1", part 2 of 2:                          0x8950
  .text                ro code  0x00000418  0x2a08  picture_deal.o [1]
  .text                ro code  0x00002e20   0x128  MK60_gpio.o [1]
  .text                ro code  0x00002f48   0x2e4  MK60_uart.o [1]
  .text                ro code  0x0000322c     0x8  abs.o [3]
  .text                ro code  0x00003234    0x32  I32ToFlt.o [4]
  .text                ro code  0x00003266    0x22  zero_init3.o [5]
  .text                ro code  0x00003288    0xfc  FltDiv.o [4]
  .text                ro code  0x00003384    0x44  FltToS32.o [4]
  .text                ro code  0x000033c8   0x508  MK60_ftm.o [1]
  .text                ro code  0x000038d0    0xd8  FltMul.o [4]
  .text                ro code  0x000039a8    0x84  FltAdd.o [4]
  .text                ro code  0x00003a2c    0xe6  FltSub.o [4]
  .rodata              const    0x00003b12     0x2  VCAN_camera.o [1]
  .text                ro code  0x00003b14    0x24  FltCmpGe.o [4]
  .text                ro code  0x00003b38    0x24  FltCmpLe.o [4]
  .text                ro code  0x00003b5c    0xb0  MK60_port.o [1]
  Veneer               ro code  0x00003c0c     0x8  - Linker created -
  Veneer               ro code  0x00003c14     0x8  - Linker created -
  .text                ro code  0x00003c1c   0x140  MK60_conf.o [1]
  .text                ro code  0x00003d5c    0x70  VCAN_LED.o [1]
  .text                ro code  0x00003dcc    0x24  printf.o [3]
  .text                ro code  0x00003df0    0x64  MK60_SysTick.o [1]
  .text                ro code  0x00003e54    0x9c  VCAN_key.o [1]
  .text                ro code  0x00003ef0   0xbee  xprintflarge_nomb.o [3]
  .text                ro code  0x00004ae0    0x16  strchr.o [5]
  .text                ro code  0x00004af8    0x36  strlen.o [5]
  .text                ro code  0x00004b30    0x58  memchr.o [5]
  .text                ro code  0x00004b88    0xee  I64DivMod.o [5]
  .text                ro code  0x00004c78    0x76  ABImemcpy_unaligned.o [5]
  .text                ro code  0x00004cee    0x42  xdnorm.o [4]
  .text                ro code  0x00004d30    0x2e  DblCmpLe.o [4]
  .text                ro code  0x00004d60   0x1a2  DblMul.o [4]
  .text                ro code  0x00004f04   0x246  DblDiv.o [4]
  .text                ro code  0x0000514c    0x2c  DblToI32.o [4]
  .text                ro code  0x00005178    0x1c  I32ToDbl.o [4]
  .text                ro code  0x00005194   0x180  DblSub.o [4]
  .text                ro code  0x00005314    0x6c  localeconv.o [3]
  .text                ro code  0x00005380     0xe  div.o [3]
  .text                ro code  0x00005390     0x2  I64DivZer.o [5]
  .text                ro code  0x00005394    0xd4  DblAdd.o [4]
  .text                ro code  0x00005468     0x2  xtls.o [3]
  .data_init                    0x0000546c   0xa64  <Block>
    Initializer bytes  ro data  0x0000546c   0xa64  <for .data-1>
  .text                ro code  0x00005ed0   0x9c8  speed_control.o [1]
  .text                ro code  0x00006898    0xd0  MK60_lptmr.o [1]
  .text                ro code  0x00006968   0x4c4  bsp_oled.o [1]
  Veneer               ro code  0x00006e2c     0x8  - Linker created -
  .text                ro code  0x00006e34   0x3c8  MK60_mcg.o [1]
  .text                ro code  0x000071fc   0x362  VCAN_SCCB.o [1]
  .text                ro code  0x00007560   0x284  MK60_dma.o [1]
  .text                ro code  0x000077e4   0x254  VCAN_OV7725_Eagle.o [1]
  .rodata              const    0x00007a38   0x228  bsp_oled.o [1]
  .text                ro code  0x00007c60   0x1f8  init.o [1]
  .text                ro code  0x00007e58    0x50  misc.o [1]
  .text                ro code  0x00007ea8    0xc0  MK60_PIT.o [1]
  .text                ro code  0x00007f68   0x1e0  isr.o [1]
  .text                ro code  0x00008148     0x6  ABImemclr4.o [5]
  .text                ro code  0x00008150    0x94  VCAN_camera.o [1]
  .text                ro code  0x000081e4   0x15c  steer_control.o [1]
  .text                ro code  0x00008340     0xc  infrared.o [1]
  .text                ro code  0x0000834c    0x32  ABImemset48.o [5]
  CodeRelocate                  0x00008380   0x1c8  <Block>
    Initializer bytes  ro data  0x00008380   0x1c8  <for CodeRelocateRam-1>
  .text                ro code  0x00008548   0x16c  bsp_my_oled.o [1]
  .text                ro code  0x000086b4   0x130  system_MK60DZ10.o [1]
  .text                ro code  0x000087e4    0x40  MK60_wdog.o [1]
  .text                ro code  0x00008824    0xac  main.o [1]
  .rodata              const    0x000088d0    0x40  MK60_flash.o [1]
  .rodata              const    0x00008910    0x40  MK60_gpio.o [1]
  .rodata              const    0x00008950    0x40  MK60_lptmr.o [1]
  .rodata              const    0x00008990    0x40  MK60_SysTick.o [1]
  .rodata              const    0x000089d0    0x40  MK60_uart.o [1]
  .rodata              const    0x00008a10    0x3c  MK60_conf.o [1]
  .rodata              const    0x00008a4c    0x3c  MK60_dma.o [1]
  .rodata              const    0x00008a88    0x3c  MK60_ftm.o [1]
  .rodata              const    0x00008ac4    0x3c  MK60_PIT.o [1]
  .rodata              const    0x00008b00    0x38  misc.o [1]
  .text                ro code  0x00008b38    0x28  data_init.o [5]
  .rodata              const    0x00008b60    0x24  MK60_conf.o [1]
  .rodata              const    0x00008b84    0x24  VCAN_OV7725_Eagle.o [1]
  .rodata              const    0x00008ba8    0x24  VCAN_OV7725_Eagle.o [1]
  .iar.init_table      const    0x00008bcc    0x10  - Linker created -
  .rodata              const    0x00008bdc    0x20  MK60_conf.o [1]
  .rodata              const    0x00008bfc    0x20  VCAN_OV7725_Eagle.o [1]
  .text                ro code  0x00008c1c    0x1a  cmain.o [5]
  .text                ro code  0x00008c36     0x4  low_level_init.o [3]
  .text                ro code  0x00008c3a     0x4  exit.o [3]
  .text                ro code  0x00008c40     0xa  cexit.o [5]
  .text                ro code  0x00008c4c     0xc  XXexit.o [5]
  .rodata              const    0x00008c58    0x18  VCAN_OV7725_Eagle.o [1]
  .rodata              const    0x00008c70    0x18  VCAN_OV7725_Eagle.o [1]
  .text                ro code  0x00008c88    0x16  xprout.o [3]
  .text                ro code  0x00008ca0     0xc  putchar.o [3]
  .rodata              const    0x00008cac    0x14  MK60_conf.o [1]
  .rodata              const    0x00008cc0    0x14  VCAN_OV7725_Eagle.o [1]
  .text                ro code  0x00008cd4     0xc  cstartup_M.o [5]
  Initializer bytes    ro data  0x00008ce0    0x88  <for P2 s0>
                              - 0x00008d68  0x8950

"P2":                                       0xb2ac
  .data                         0x1fff0410   0xa64  <Block>
    .data-1                     0x1fff0410   0xa64  <Init block>
      .data            inited   0x1fff0410   0x708  MK60_conf.o [1]
      .data            inited   0x1fff0b18     0xc  MK60_ftm.o [1]
      .data            inited   0x1fff0b24    0x14  MK60_gpio.o [1]
      .data            inited   0x1fff0b38    0x44  MK60_mcg.o [1]
      .data            inited   0x1fff0b7c     0x4  MK60_mcg.o [1]
      .data            inited   0x1fff0b80    0x14  MK60_port.o [1]
      .data            inited   0x1fff0b94    0x18  MK60_uart.o [1]
      .data            inited   0x1fff0bac     0x4  picture_deal.o [1]
      .data            inited   0x1fff0bb0     0x4  picture_deal.o [1]
      .data            inited   0x1fff0bb4    0x14  picture_deal.o [1]
      .data            inited   0x1fff0bc8    0xf0  picture_deal.o [1]
      .data            inited   0x1fff0cb8    0xf0  picture_deal.o [1]
      .data            inited   0x1fff0da8     0x2  picture_deal.o [1]
      .data            inited   0x1fff0dac     0x4  speed_control.o [1]
      .data            inited   0x1fff0db0     0x4  speed_control.o [1]
      .data            inited   0x1fff0db4     0x2  speed_control.o [1]
      .data            inited   0x1fff0db6     0x2  speed_control.o [1]
      .data            inited   0x1fff0db8     0x2  speed_control.o [1]
      .data            inited   0x1fff0dbc     0x8  VCAN_key.o [1]
      .data            inited   0x1fff0dc4     0x4  VCAN_LED.o [1]
      .data            inited   0x1fff0dc8     0x1  VCAN_OV7725_Eagle.o [1]
      .data            inited   0x1fff0dcc    0x64  VCAN_OV7725_Eagle.o [1]
      .data            inited   0x1fff0e30     0x1  VCAN_OV7725_Eagle.o [1]
      .data            inited   0x1fff0e34    0x40  xfiles.o [3]
  CodeRelocateRam               0x1fff0e74   0x1c8  <Block>
    CodeRelocateRam-1           0x1fff0e74   0x1c8  <Init block>
      Veneer           inited   0x1fff0e74     0x8  - Linker created -
      Veneer           inited   0x1fff0e7c     0x8  - Linker created -
      .textrw          inited   0x1fff0e84   0x168  MK60_flash.o [1]
      .textrw          inited   0x1fff0fec    0x50  MK60_mcg.o [1]
  .bss                          0x1fff103c  0xa5f5  <Block>
    .bss               zero     0x1fff103c     0x4  global_var.o [1]
    .bss               zero     0x1fff1040     0x4  global_var.o [1]
    .bss               zero     0x1fff1044     0x4  global_var.o [1]
    .bss               zero     0x1fff1048     0x4  global_var.o [1]
    .bss               zero     0x1fff104c     0x4  global_var.o [1]
    .bss               zero     0x1fff1050     0x4  global_var.o [1]
    .bss               zero     0x1fff1054     0x4  global_var.o [1]
    .bss               zero     0x1fff1058     0x4  global_var.o [1]
    .bss               zero     0x1fff105c     0x4  global_var.o [1]
    .bss               zero     0x1fff1060     0x4  global_var.o [1]
    .bss               zero     0x1fff1064     0x4  global_var.o [1]
    .bss               zero     0x1fff1068     0x4  global_var.o [1]
    .bss               zero     0x1fff106c     0x4  infrared.o [1]
    .bss               zero     0x1fff1070     0xc  MK60_ftm.o [1]
    .bss               zero     0x1fff107c   0x960  picture_deal.o [1]
    .bss               zero     0x1fff19dc   0x960  picture_deal.o [1]
    .bss               zero     0x1fff233c  0x4b00  picture_deal.o [1]
    .bss               zero     0x1fff6e3c   0x400  picture_deal.o [1]
    .bss               zero     0x1fff723c  0x3c00  picture_deal.o [1]
    .bss               zero     0x1fffae3c    0xf0  picture_deal.o [1]
    .bss               zero     0x1fffaf2c     0x4  picture_deal.o [1]
    .bss               zero     0x1fffaf30    0x28  picture_deal.o [1]
    .bss               zero     0x1fffaf58     0x4  picture_deal.o [1]
    .bss               zero     0x1fffaf5c    0xf0  picture_deal.o [1]
    .bss               zero     0x1fffb04c    0xf0  picture_deal.o [1]
    .bss               zero     0x1fffb13c    0xf0  picture_deal.o [1]
    .bss               zero     0x1fffb22c    0xf0  picture_deal.o [1]
    .bss               zero     0x1fffb31c    0xf0  picture_deal.o [1]
    .bss               zero     0x1fffb40c    0xf0  picture_deal.o [1]
    .bss               zero     0x1fffb4fc     0x4  picture_deal.o [1]
    .bss               zero     0x1fffb500    0x40  picture_deal.o [1]
    .bss               zero     0x1fffb540     0x4  picture_deal.o [1]
    .bss               zero     0x1fffb544     0x8  speed_control.o [1]
    .bss               zero     0x1fffb54c    0x20  steer_control.o [1]
    .bss               zero     0x1fffb56c     0x4  system_MK60DZ10.o [1]
    .bss               zero     0x1fffb570     0x4  system_MK60DZ10.o [1]
    .bss               zero     0x1fffb574     0x4  system_MK60DZ10.o [1]
    .bss               zero     0x1fffb578     0x4  VCAN_OV7725_Eagle.o [1]
    .bss               zero     0x1fffb57c    0x50  xfiles.o [3]
    .bss               zero     0x1fffb5cc     0x2  global_var.o [1]
    .bss               zero     0x1fffb5ce     0x2  global_var.o [1]
    .bss               zero     0x1fffb5d0     0x2  global_var.o [1]
    .bss               zero     0x1fffb5d2     0x2  global_var.o [1]
    .bss               zero     0x1fffb5d4     0x2  global_var.o [1]
    .bss               zero     0x1fffb5d6     0x2  global_var.o [1]
    .bss               zero     0x1fffb5d8     0x2  global_var.o [1]
    .bss               zero     0x1fffb5da     0x2  global_var.o [1]
    .bss               zero     0x1fffb5dc     0x2  global_var.o [1]
    .bss               zero     0x1fffb5de     0x2  global_var.o [1]
    .bss               zero     0x1fffb5e0     0x2  global_var.o [1]
    .bss               zero     0x1fffb5e2     0x2  global_var.o [1]
    .bss               zero     0x1fffb5e4     0x2  isr.o [1]
    .bss               zero     0x1fffb5e6     0x2  picture_deal.o [1]
    .bss               zero     0x1fffb5e8     0x2  picture_deal.o [1]
    .bss               zero     0x1fffb5ea     0x2  picture_deal.o [1]
    .bss               zero     0x1fffb5ec     0x2  picture_deal.o [1]
    .bss               zero     0x1fffb5ee     0x2  picture_deal.o [1]
    .bss               zero     0x1fffb5f0     0x2  picture_deal.o [1]
    .bss               zero     0x1fffb5f2     0x2  picture_deal.o [1]
    .bss               zero     0x1fffb5f4     0x2  picture_deal.o [1]
    .bss               zero     0x1fffb5f6     0x2  picture_deal.o [1]
    .bss               zero     0x1fffb5f8     0x2  picture_deal.o [1]
    .bss               zero     0x1fffb5fa     0x2  picture_deal.o [1]
    .bss               zero     0x1fffb5fc     0x2  picture_deal.o [1]
    .bss               zero     0x1fffb5fe     0x2  picture_deal.o [1]
    .bss               zero     0x1fffb600     0x2  picture_deal.o [1]
    .bss               zero     0x1fffb602     0x2  picture_deal.o [1]
    .bss               zero     0x1fffb604     0x2  picture_deal.o [1]
    .bss               zero     0x1fffb606     0x2  picture_deal.o [1]
    .bss               zero     0x1fffb608     0x2  picture_deal.o [1]
    .bss               zero     0x1fffb60a     0x2  picture_deal.o [1]
    .bss               zero     0x1fffb60c     0x2  picture_deal.o [1]
    .bss               zero     0x1fffb60e     0x2  speed_control.o [1]
    .bss               zero     0x1fffb610     0x2  speed_control.o [1]
    .bss               zero     0x1fffb612     0x2  speed_control.o [1]
    .bss               zero     0x1fffb614     0x2  speed_control.o [1]
    .bss               zero     0x1fffb616     0x2  speed_control.o [1]
    .bss               zero     0x1fffb618     0x2  speed_control.o [1]
    .bss               zero     0x1fffb61a     0x2  speed_control.o [1]
    .bss               zero     0x1fffb61c     0x2  speed_control.o [1]
    .bss               zero     0x1fffb61e     0x2  steer_control.o [1]
    .bss               zero     0x1fffb620     0x2  steer_control.o [1]
    .bss               zero     0x1fffb622     0x2  steer_control.o [1]
    .bss               zero     0x1fffb624     0x1  infrared.o [1]
    .bss               zero     0x1fffb625     0x1  picture_deal.o [1]
    .bss               zero     0x1fffb626     0x1  picture_deal.o [1]
    .bss               zero     0x1fffb627     0x1  picture_deal.o [1]
    .bss               zero     0x1fffb628     0x1  picture_deal.o [1]
    .bss               zero     0x1fffb629     0x1  picture_deal.o [1]
    .bss               zero     0x1fffb62a     0x1  picture_deal.o [1]
    .bss               zero     0x1fffb62b     0x1  picture_deal.o [1]
    .bss               zero     0x1fffb62c     0x1  picture_deal.o [1]
    .bss               zero     0x1fffb62d     0x1  picture_deal.o [1]
    .bss               zero     0x1fffb62e     0x1  picture_deal.o [1]
    .bss               zero     0x1fffb62f     0x1  picture_deal.o [1]
    .bss               zero     0x1fffb630     0x1  picture_deal.o [1]
  P2 s0                         0x1fffb634    0x88  <Init block>
    __DLIB_PERTHREAD   inited   0x1fffb634    0x88  localeconv.o [3]
                              - 0x1fffb6bc  0xb2ac


*******************************************************************************
*** INIT TABLE
***

          Address     Size
          -------     ----
Zero (__iar_zero_init3)
    1 destination range, total size 0xa5f5:
          0x1fff103c  0xa5f5



*******************************************************************************
*** MODULE SUMMARY
***

    Module                 ro code  rw code  ro data  rw data
    ------                 -------  -------  -------  -------
C:\Users\94827\Desktop\高骏涛修改\后车2400\飞思卡尔程序\车 - 副本 - 副本\Prj\IAR\DZ10_Debug\Obj: [1]
    MK60_PIT.o                 192                60
    MK60_SysTick.o             100                64
    MK60_conf.o                320             1 948    1 800
    MK60_dma.o                 644                60
    MK60_flash.o                        360      424
    MK60_ftm.o               1 288                72       24
    MK60_gpio.o                296                84       20
    MK60_lptmr.o               208                64
    MK60_mcg.o                 968       80      152       72
    MK60_port.o                176                20       20
    MK60_uart.o                740                88       24
    MK60_wdog.o                 64
    VCAN_LED.o                 112                 4        4
    VCAN_OV7725_Eagle.o        596               277      106
    VCAN_SCCB.o                866
    VCAN_camera.o              148                 2
    VCAN_key.o                 156                10        8
    bsp_my_oled.o              364
    bsp_oled.o               1 220               552
    global_var.o                                           72
    infrared.o                  12                          5
    init.o                     504
    isr.o                      480                          2
    main.o                     172
    misc.o                      80                56
    picture_deal.o          10 760               510   42 746
    speed_control.o          2 504                16       38
    startup_MK60DZ10.o           8
    steer_control.o            348                         38
    system_MK60DZ10.o          304                         12
    vectors.o                                  1 040
    ---------------------------------------------------------
    Total:                  23 630      440    5 503   44 991

command line: [2]
    ---------------------------------------------------------
    Total:

dl7M_tlf.a: [3]
    abs.o                        8
    div.o                       14
    exit.o                       4
    localeconv.o               108               136      136
    low_level_init.o             4
    printf.o                    36
    putchar.o                   12
    xfiles.o                                      67      144
    xprintflarge_nomb.o      3 054
    xprout.o                    22
    xtls.o                       2
    ---------------------------------------------------------
    Total:                   3 264               203      280

m7M_tl.a: [4]
    DblAdd.o                   212
    DblCmpLe.o                  46
    DblDiv.o                   582
    DblMul.o                   418
    DblSub.o                   384
    DblToI32.o                  44
    FltAdd.o                   132
    FltCmpGe.o                  36
    FltCmpLe.o                  36
    FltDiv.o                   252
    FltMul.o                   216
    FltSub.o                   230
    FltToS32.o                  68
    I32ToDbl.o                  28
    I32ToFlt.o                  50
    xdnorm.o                    66
    ---------------------------------------------------------
    Total:                   2 800

rt7M_tl.a: [5]
    ABImemclr4.o                 6
    ABImemcpy_unaligned.o      118
    ABImemset48.o               50
    I64DivMod.o                238
    I64DivZer.o                  2
    XXexit.o                    12
    cexit.o                     10
    cmain.o                     26
    cstartup_M.o                12
    data_init.o                 40
    memchr.o                    88
    strchr.o                    22
    strlen.o                    54
    zero_init3.o                34
    ---------------------------------------------------------
    Total:                     712

    Gaps                        28                         10
    Linker created              24       16       32
-------------------------------------------------------------
    Grand Total:            30 458      456    5 738   45 281


*******************************************************************************
*** ENTRY LIST
***

Entry                      Address    Size  Type      Object
-----                      -------    ----  ----      ------
.bss$$Base              0x1fff103c           --   Gb  - Linker created -
.bss$$Limit             0x1fffb631           --   Gb  - Linker created -
.data$$Base             0x1fff0410           --   Gb  - Linker created -
.data$$Limit            0x1fff0e74           --   Gb  - Linker created -
.data_init$$Base        0x0000546c           --   Gb  - Linker created -
.data_init$$Limit       0x00005ed0           --   Gb  - Linker created -
?main                   0x00008c1d          Code  Gb  cmain.o [5]
ASSERT_FAILED_STR       0x00008b60    0x24  Data  Gb  MK60_conf.o [1]
CodeRelocate$$Base      0x00008380           --   Gb  - Linker created -
CodeRelocate$$Limit     0x00008548           --   Gb  - Linker created -
CodeRelocateRam$$Base   0x1fff0e74           --   Gb  - Linker created -
CodeRelocateRam$$Limit  0x1fff103c           --   Gb  - Linker created -
DMA0_IRQHandler         0x00008021    0x84  Code  Gb  isr.o [1]
Draw_BMP                0x00006c55   0x1bc  Code  Gb  bsp_oled.o [1]
EVENT_Duty              0x000005a3   0x4dc  Code  Gb  picture_deal.o [1]
F6x8                    0x00007a38   0x228  Data  Gb  bsp_oled.o [1]
FTMN                    0x1fff0b18     0xc  Data  Gb  MK60_ftm.o [1]
FTM_port_mux            0x000033c9   0x118  Code  Lc  MK60_ftm.o [1]
GPIOX                   0x1fff0b24    0x14  Data  Gb  MK60_gpio.o [1]
HuiChejudge             0x00000477   0x12c  Code  Gb  picture_deal.o [1]
KEY_PTxn                0x1fff0dbc     0x8  Data  Gb  VCAN_key.o [1]
LCD_DLY_ms              0x00006a6d    0x18  Code  Gb  bsp_oled.o [1]
LCD_Fill                0x00006a2d    0x40  Code  Gb  bsp_oled.o [1]
LCD_Init                0x00006b9d    0xb8  Code  Gb  bsp_oled.o [1]
LCD_Set_Pos             0x000069ff    0x2e  Code  Gb  bsp_oled.o [1]
LCD_WrCmd               0x000069b5    0x4a  Code  Gb  bsp_oled.o [1]
LCD_WrDat               0x00006969    0x4a  Code  Gb  bsp_oled.o [1]
LED_PTxn                0x1fff0dc4     0x4  Data  Gb  VCAN_LED.o [1]
LS                      0x1fffaf30    0x28  Data  Gb  picture_deal.o [1]
LoadInt                 0x0000446d    0x6e  Code  Lc  xprintflarge_nomb.o [3]
NVIC_DisableIRQ         0x00007c93    0x14  Code  Lc  init.o [1]
NVIC_DisableIRQ         0x00007f69    0x16  Code  Lc  isr.o [1]
NVIC_DisableIRQ         0x00002f5f    0x16  Code  Lc  MK60_uart.o [1]
NVIC_DisableIRQ         0x000077f9    0x14  Code  Lc  VCAN_OV7725_Eagle.o [1]
NVIC_EnableIRQ          0x00007c7f    0x14  Code  Lc  init.o [1]
NVIC_EnableIRQ          0x00002f49    0x16  Code  Lc  MK60_uart.o [1]
NVIC_EnableIRQ          0x000077e5    0x14  Code  Lc  VCAN_OV7725_Eagle.o [1]
NVIC_SetPriority        0x00007ca7    0x26  Code  Lc  init.o [1]
NVIC_SetPriorityGrouping
                        0x00007c61    0x1e  Code  Lc  init.o [1]
NVIC_SystemReset        0x00003c1d    0x1a  Code  Lc  MK60_conf.o [1]
PORTA_IRQHandler        0x00007f7f    0xa2  Code  Gb  isr.o [1]
PORTC_IRQHandler        0x000080a5    0x74  Code  Gb  isr.o [1]
PORTX                   0x1fff0b80    0x14  Data  Gb  MK60_port.o [1]
Ratio_Encoder_Left      0x1fff0dac     0x4  Data  Gb  speed_control.o [1]
Ratio_Encoder_Righ      0x1fff0db0     0x4  Data  Gb  speed_control.o [1]
Region$$Table$$Base     0x00008bcc           --   Gb  - Linker created -
Region$$Table$$Limit    0x00008bdc           --   Gb  - Linker created -
Reset_Handler           0x00000411          Code  Gb  startup_MK60DZ10.o [1]
SCCB_Ack                0x000072d1    0x3c  Code  Lc  VCAN_SCCB.o [1]
SCCB_GPIO_init          0x00007217    0x28  Code  Gb  VCAN_SCCB.o [1]
SCCB_NoAck              0x0000730d    0x3c  Code  Lc  VCAN_SCCB.o [1]
SCCB_ReadByte           0x000074ad    0x2c  Code  Gb  VCAN_SCCB.o [1]
SCCB_ReadByte_one       0x000074d9    0x86  Code  Lc  VCAN_SCCB.o [1]
SCCB_ReceiveByte        0x000073d9    0x54  Code  Lc  VCAN_SCCB.o [1]
SCCB_SendByte           0x00007395    0x44  Code  Lc  VCAN_SCCB.o [1]
SCCB_Start              0x0000723f    0x5e  Code  Lc  VCAN_SCCB.o [1]
SCCB_Stop               0x0000729d    0x34  Code  Lc  VCAN_SCCB.o [1]
SCCB_WaitAck            0x00007349    0x4c  Code  Lc  VCAN_SCCB.o [1]
SCCB_WriteByte          0x0000743d    0x28  Code  Gb  VCAN_SCCB.o [1]
SCCB_WriteByte_one      0x00007465    0x48  Code  Lc  VCAN_SCCB.o [1]
SCCB_delay              0x000071fd    0x1a  Code  Lc  VCAN_SCCB.o [1]
SetAddressingMode       0x00006a85    0x14  Code  Gb  bsp_oled.o [1]
SetContrastControl      0x00006aa9    0x14  Code  Gb  bsp_oled.o [1]
SetIRKey                0x00008341     0x6  Code  Gb  infrared.o [1]
SetStartLine            0x00006a99    0x10  Code  Gb  bsp_oled.o [1]
Set_Charge_Pump         0x00006abd    0x16  Code  Gb  bsp_oled.o [1]
Set_Common_Config       0x00006b73    0x16  Code  Gb  bsp_oled.o [1]
Set_Common_Remap        0x00006b27    0x10  Code  Gb  bsp_oled.o [1]
Set_Display_Clock       0x00006b4b    0x14  Code  Gb  bsp_oled.o [1]
Set_Display_Offset      0x00006b37    0x14  Code  Gb  bsp_oled.o [1]
Set_Display_On_Off      0x00006b17    0x10  Code  Gb  bsp_oled.o [1]
Set_Entire_Display      0x00006ae3    0x10  Code  Gb  bsp_oled.o [1]
Set_Inverse_Display     0x00006af3    0x10  Code  Gb  bsp_oled.o [1]
Set_Multiplex_Ratio     0x00006b03    0x14  Code  Gb  bsp_oled.o [1]
Set_Precharge_Period    0x00006b5f    0x14  Code  Gb  bsp_oled.o [1]
Set_Segment_Remap       0x00006ad3    0x10  Code  Gb  bsp_oled.o [1]
Set_VCOMH               0x00006b89    0x14  Code  Gb  bsp_oled.o [1]
UARTN                   0x1fff0b94    0x18  Data  Gb  MK60_uart.o [1]
_GenldLargeNoMb         0x00004861   0x236  Code  Lc  xprintflarge_nomb.o [3]
_LdtobLargeNoMb         0x000045e1   0x27a  Code  Lc  xprintflarge_nomb.o [3]
_LitobLargeNoMb         0x000044db   0x106  Code  Lc  xprintflarge_nomb.o [3]
_Locale_aeabi_lconv     0x1fffb684    0x38  Data  Gb  localeconv.o [3]
_Locale_lconv           0x1fffb634    0x50  Data  Gb  localeconv.o [3]
_PrintfLargeNoMb        0x00003ef1   0x576  Code  Gb  xprintflarge_nomb.o [3]
_Prout                  0x00008c89    0x16  Code  Gb  xprout.o [3]
_PutcharsLargeNoMb      0x00004a97    0x2e  Code  Lc  xprintflarge_nomb.o [3]
__BOOT_STACK_ADDRESS {Abs}
                        0x2000fff8           --   Gb  command line/config [2]
__VECTOR_RAM {Abs}      0x1fff0000           --   Gb  command line/config [2]
__VECTOR_TABLE {Abs}    0x00000000           --   Gb  command line/config [2]
__aeabi_cdcmple         0x00004d31          Code  Gb  DblCmpLe.o [4]
__aeabi_cfcmple         0x00003b39          Code  Gb  FltCmpLe.o [4]
__aeabi_cfrcmple        0x00003b15          Code  Gb  FltCmpGe.o [4]
__aeabi_d2uiz           0x0000514d          Code  Gb  DblToI32.o [4]
__aeabi_ddiv            0x00004f05          Code  Gb  DblDiv.o [4]
__aeabi_dmul            0x00004d61          Code  Gb  DblMul.o [4]
__aeabi_dsub            0x00005195          Code  Gb  DblSub.o [4]
__aeabi_f2iz            0x00003385          Code  Gb  FltToS32.o [4]
__aeabi_fadd            0x000039a9          Code  Gb  FltAdd.o [4]
__aeabi_fdiv            0x00003289          Code  Gb  FltDiv.o [4]
__aeabi_fmul            0x000038d1          Code  Gb  FltMul.o [4]
__aeabi_fsub            0x00003a2d          Code  Gb  FltSub.o [4]
__aeabi_i2f             0x00003235          Code  Gb  I32ToFlt.o [4]
__aeabi_ldiv0           0x00005391          Code  Gb  I64DivZer.o [5]
__aeabi_memclr4         0x00008149          Code  Gb  ABImemclr4.o [5]
__aeabi_ui2d            0x00005179          Code  Gb  I32ToDbl.o [4]
__aeabi_ui2f            0x00003249          Code  Gb  I32ToFlt.o [4]
__aeabi_uldivmod        0x00004b89          Code  Gb  I64DivMod.o [5]
__as_entries_start      0xffffffff           --   Gb  command line/config [2]
__as_table_start        0xffffffff           --   Gb  command line/config [2]
__cmain                 0x00008c1d          Code  Gb  cmain.o [5]
__code_start__ {Abs}    0x00000410           --   Gb  command line/config [2]
__exit                  0x00008c4d          Code  Gb  XXexit.o [5]
__iar_Dnorm             0x00004cef    0x42  Code  Gb  xdnorm.o [4]
__iar_Locale_lconv_init
                        0x00005315    0x3a  Code  Gb  localeconv.o [3]
__iar_Memchr            0x00004b31          Code  Gb  memchr.o [5]
__iar_Memset4_word      0x0000834d          Code  Gb  ABImemset48.o [5]
__iar_Memset8_word      0x0000834d          Code  Gb  ABImemset48.o [5]
__iar_Stdout            0x1fff0e34    0x40  Data  Gb  xfiles.o [3]
__iar_Strchr            0x00004ae1          Code  Gb  strchr.o [5]
__iar_d2uiz             0x00005159          Code  Gb  DblToI32.o [4]
__iar_dadd              0x00005395          Code  Gb  DblAdd.o [4]
__iar_data_init3        0x00008b39    0x28  Code  Gb  data_init.o [5]
__iar_dlib_perthread_access
                        0x00005469     0x2  Code  Gb  xtls.o [3]
__iar_dsub              0x000051a9          Code  Gb  DblSub.o [4]
__iar_dsubStart         0x000051bb          Code  Gb  DblSub.o [4]
__iar_fadd              0x000039b9          Code  Gb  FltAdd.o [4]
__iar_fsub              0x00003a3d          Code  Gb  FltSub.o [4]
__iar_fsubStart         0x00003a4d          Code  Gb  FltSub.o [4]
__iar_program_start     0x00008cd5          Code  Gb  cstartup_M.o [5]
__iar_ui2d              0x0000517d          Code  Gb  I32ToDbl.o [4]
__iar_ui2f              0x0000324d          Code  Gb  I32ToFlt.o [4]
__iar_unaligned___aeabi_memcpy
                        0x00004c79          Code  Gb  ABImemcpy_unaligned.o [5]
__iar_unaligned___aeabi_memcpy4
                        0x00004c99          Code  Gb  ABImemcpy_unaligned.o [5]
__iar_unaligned___aeabi_memcpy8
                        0x00004c99          Code  Gb  ABImemcpy_unaligned.o [5]
__iar_zero_init3        0x00003267    0x22  Code  Gb  zero_init3.o [5]
__low_level_init        0x00008c37     0x4  Code  Gb  low_level_init.o [3]
__vector_table          0x00000000   0x410  Data  Gb  vectors.o [1]
_call_main              0x00008c29          Code  Gb  cmain.o [5]
_exit                   0x00008c41          Code  Gb  cexit.o [5]
_main                   0x00008c33          Code  Gb  cmain.o [5]
abs                     0x0000322d     0x8  Code  Gb  abs.o [3]
angle                   0x1fffb61e     0x2  Data  Gb  steer_control.o [1]
angle_last              0x1fffb620     0x2  Data  Gb  steer_control.o [1]
assert_failed           0x00003c37    0x26  Code  Gb  MK60_conf.o [1]
bmp_buff                0x1fff6e3c   0x400  Data  Gb  picture_deal.o [1]
bus_clk_khz             0x1fffb574     0x4  Data  Gb  system_MK60DZ10.o [1]
car_debug               0x1fff106c     0x4  Data  Gb  infrared.o [1]
car_init                0x00007ccd   0x158  Code  Gb  init.o [1]
car_p                   0x1fffb500    0x40  Data  Gb  picture_deal.o [1]
center_line             0x1fffb22c    0xf0  Data  Gb  picture_deal.o [1]
chaochequ               0x1fffaf58     0x4  Data  Gb  picture_deal.o [1]
common_startup          0x00008713    0x98  Code  Gb  system_MK60DZ10.o [1]
compensation_line       0x1fff0bb4    0x14  Data  Gb  picture_deal.o [1]
compress_buff           0x1fff723c  0x3c00  Data  Gb  picture_deal.o [1]
core_clk_khz            0x1fffb56c     0x4  Data  Gb  system_MK60DZ10.o [1]
core_clk_mhz            0x1fffb570     0x4  Data  Gb  system_MK60DZ10.o [1]
cp_line                 0x1fff0bc8    0xf0  Data  Gb  picture_deal.o [1]
cur_L_ready_delay_flag  0x1fffb5e8     0x2  Data  Gb  picture_deal.o [1]
cur_L_ready_flag        0x1fffb5e6     0x2  Data  Gb  picture_deal.o [1]
cur_L_ready_rest_flag   0x1fffb5ec     0x2  Data  Gb  picture_deal.o [1]
cur_L_ready_time_flag   0x1fffb5ea     0x2  Data  Gb  picture_deal.o [1]
cur_L_real_delay_flag   0x1fffb5f8     0x2  Data  Gb  picture_deal.o [1]
cur_L_real_flag         0x1fffb5f6     0x2  Data  Gb  picture_deal.o [1]
cur_L_real_rest_flag    0x1fffb5fa     0x2  Data  Gb  picture_deal.o [1]
cur_L_real_time_flag    0x1fffb5fc     0x2  Data  Gb  picture_deal.o [1]
cur_L_real_time_flag1   0x1fffb5fe     0x2  Data  Gb  picture_deal.o [1]
cur_R_ready_delay_flag  0x1fffb5f0     0x2  Data  Gb  picture_deal.o [1]
cur_R_ready_flag        0x1fffb5ee     0x2  Data  Gb  picture_deal.o [1]
cur_R_ready_rest_flag   0x1fffb5f4     0x2  Data  Gb  picture_deal.o [1]
cur_R_ready_time_flag   0x1fffb5f2     0x2  Data  Gb  picture_deal.o [1]
cur_R_real_delay_flag   0x1fffb627     0x1  Data  Gb  picture_deal.o [1]
cur_R_real_flag         0x1fffb626     0x1  Data  Gb  picture_deal.o [1]
cur_R_real_rest_flag    0x1fffb628     0x1  Data  Gb  picture_deal.o [1]
cur_R_real_time_flag    0x1fffb600     0x2  Data  Gb  picture_deal.o [1]
cur_R_real_time_flag1   0x1fffb602     0x2  Data  Gb  picture_deal.o [1]
deal_center             0x00001d21   0x7c8  Code  Gb  picture_deal.o [1]
default_isr             0x00003d0b    0x30  Code  Gb  MK60_conf.o [1]
div                     0x00005381     0xe  Code  Gb  div.o [3]
dma_gpio_input_init     0x00007561    0x5c  Code  Lc  MK60_dma.o [1]
dma_portx2buff_init     0x000075bd   0x1f4  Code  Gb  MK60_dma.o [1]
error                   0x1fffb544     0x8  Data  Gb  speed_control.o [1]
exit                    0x00008c3b     0x4  Code  Gb  exit.o [3]
expect_speed_last       0x1fff0db6     0x2  Data  Gb  speed_control.o [1]
find_left_and_righ_line
                        0x00000ec9   0x1bc  Code  Gb  picture_deal.o [1]
find_line_l             0x00001159    0xfe  Code  Gb  picture_deal.o [1]
find_line_lr            0x00001139    0x20  Code  Gb  picture_deal.o [1]
find_line_r             0x0000126d    0xfe  Code  Gb  picture_deal.o [1]
flag_imgbuff            0x1fffb625     0x1  Data  Gb  picture_deal.o [1]
flash_cmd               0x1fff0e85    0x20  Code  Gb  MK60_flash.o [1]
flash_erase_sector      0x1fff0ed5    0x58  Code  Gb  MK60_flash.o [1]
flash_init              0x1fff0ea5    0x30  Code  Gb  MK60_flash.o [1]
flash_write             0x1fff0f2d    0x8e  Code  Gb  MK60_flash.o [1]
float01                 0x1fff103c     0x4  Data  Gb  global_var.o [1]
float02                 0x1fff1040     0x4  Data  Gb  global_var.o [1]
float03                 0x1fff1044     0x4  Data  Gb  global_var.o [1]
float04                 0x1fff1048     0x4  Data  Gb  global_var.o [1]
float05                 0x1fff104c     0x4  Data  Gb  global_var.o [1]
float06                 0x1fff1050     0x4  Data  Gb  global_var.o [1]
float07                 0x1fff1054     0x4  Data  Gb  global_var.o [1]
float08                 0x1fff1058     0x4  Data  Gb  global_var.o [1]
float09                 0x1fff105c     0x4  Data  Gb  global_var.o [1]
float10                 0x1fff1060     0x4  Data  Gb  global_var.o [1]
float11                 0x1fff1064     0x4  Data  Gb  global_var.o [1]
float12                 0x1fff1068     0x4  Data  Gb  global_var.o [1]
fputc                   0x00003c5d    0x14  Code  Gb  MK60_conf.o [1]
ftm_mod                 0x1fff1070     0xc  Data  Lc  MK60_ftm.o [1]
ftm_pwm_duty            0x0000366d    0xee  Code  Gb  MK60_ftm.o [1]
ftm_pwm_init            0x000034e1   0x18c  Code  Gb  MK60_ftm.o [1]
ftm_quad_clean          0x0000388d    0x28  Code  Gb  MK60_ftm.o [1]
ftm_quad_get            0x00003861    0x2c  Code  Gb  MK60_ftm.o [1]
ftm_quad_init           0x0000375b   0x106  Code  Gb  MK60_ftm.o [1]
gb_recursion            0x00001099    0x90  Code  Gb  picture_deal.o [1]
get_average_diff        0x000024e9    0x82  Code  Gb  picture_deal.o [1]
get_left_speed          0x000065f7   0x10e  Code  Gb  speed_control.o [1]
get_righ_speed          0x00006705    0xfc  Code  Gb  speed_control.o [1]
gpio_get                0x00002f07    0x3a  Code  Gb  MK60_gpio.o [1]
gpio_init               0x00002e21    0xae  Code  Gb  MK60_gpio.o [1]
gpio_turn               0x00002ecf    0x38  Code  Gb  MK60_gpio.o [1]
img                     0x1fff233c  0x4b00  Data  Gb  picture_deal.o [1]
img_extract             0x00008151    0x94  Code  Gb  VCAN_camera.o [1]
imgbuff_1               0x1fff107c   0x960  Data  Gb  picture_deal.o [1]
imgbuff_2               0x1fff19dc   0x960  Data  Gb  picture_deal.o [1]
int01                   0x1fffb5cc     0x2  Data  Gb  global_var.o [1]
int02                   0x1fffb5ce     0x2  Data  Gb  global_var.o [1]
int03                   0x1fffb5d0     0x2  Data  Gb  global_var.o [1]
int04                   0x1fffb5d2     0x2  Data  Gb  global_var.o [1]
int05                   0x1fffb5d4     0x2  Data  Gb  global_var.o [1]
int06                   0x1fffb5d6     0x2  Data  Gb  global_var.o [1]
int07                   0x1fffb5d8     0x2  Data  Gb  global_var.o [1]
int08                   0x1fffb5da     0x2  Data  Gb  global_var.o [1]
int09                   0x1fffb5dc     0x2  Data  Gb  global_var.o [1]
int10                   0x1fffb5de     0x2  Data  Gb  global_var.o [1]
int11                   0x1fffb5e0     0x2  Data  Gb  global_var.o [1]
int12                   0x1fffb5e2     0x2  Data  Gb  global_var.o [1]
irkey_value             0x1fffb624     0x1  Data  Gb  infrared.o [1]
judge_column            0x00001665   0x4a2  Code  Gb  picture_deal.o [1]
judge_init_start        0x00001479   0x168  Code  Gb  picture_deal.o [1]
judge_start_line        0x00001379    0xf0  Code  Gb  picture_deal.o [1]
judge_ten               0x00001b35   0x1d8  Code  Gb  picture_deal.o [1]
key_check               0x00003ec1    0x2a  Code  Gb  VCAN_key.o [1]
key_get                 0x00003ea7    0x1a  Code  Gb  VCAN_key.o [1]
key_init                0x00003e55    0x52  Code  Gb  VCAN_key.o [1]
led_init                0x00003d5d    0x3a  Code  Gb  VCAN_LED.o [1]
led_turn                0x00003d97    0x32  Code  Gb  VCAN_LED.o [1]
left_line               0x1fffaf5c    0xf0  Data  Gb  picture_deal.o [1]
left_or_righ_flag       0x00002c21   0x1dc  Code  Gb  picture_deal.o [1]
line_reset              0x00000d35    0x98  Code  Gb  picture_deal.o [1]
localeconv              0x0000534f    0x16  Code  Gb  localeconv.o [3]
lost_left               0x1fffb31c    0xf0  Data  Gb  picture_deal.o [1]
lost_right              0x1fffb40c    0xf0  Data  Gb  picture_deal.o [1]
lptmr_pulse_clean       0x00006937    0x1a  Code  Gb  MK60_lptmr.o [1]
lptmr_pulse_get         0x00006917    0x20  Code  Gb  MK60_lptmr.o [1]
lptmr_pulse_init        0x00006899    0x7e  Code  Gb  MK60_lptmr.o [1]
main                    0x00008825    0xac  Code  Gb  main.o [1]
mcg_cfg                 0x1fff0b38    0x44  Data  Gb  MK60_mcg.o [1]
mcg_div                 0x1fff0b7c     0x4  Data  Gb  MK60_mcg.o [1]
mcg_div_count           0x00006e35   0x2fa  Code  Gb  MK60_mcg.o [1]
memchr                  0x00004b31          Code  Gb  memchr.o [5]
obuf                    0x1fffb57c    0x50  Data  Lc  xfiles.o [3]
oled_display_6x8char    0x00008557    0x50  Code  Gb  bsp_my_oled.o [1]
oled_fill               0x00008549     0xe  Code  Gb  bsp_my_oled.o [1]
oled_print_short        0x000085a7   0x108  Code  Gb  bsp_my_oled.o [1]
op                      0x1fff0bac     0x4  Data  Gb  picture_deal.o [1]
or                      0x1fff0bb0     0x4  Data  Gb  picture_deal.o [1]
ov7725_eagle_cfgnum     0x1fff0e30     0x1  Data  Gb  VCAN_OV7725_Eagle.o [1]
ov7725_eagle_dma        0x00007903    0x14  Code  Gb  VCAN_OV7725_Eagle.o [1]
ov7725_eagle_get_img    0x00007917    0x24  Code  Gb  VCAN_OV7725_Eagle.o [1]
ov7725_eagle_img_buff   0x1fffb578     0x4  Data  Gb  VCAN_OV7725_Eagle.o [1]
ov7725_eagle_img_flag   0x1fff0dc8     0x1  Data  Gb  VCAN_OV7725_Eagle.o [1]
ov7725_eagle_init       0x0000780d    0x18  Code  Gb  VCAN_OV7725_Eagle.o [1]
ov7725_eagle_port_init  0x00007825    0x54  Code  Lc  VCAN_OV7725_Eagle.o [1]
ov7725_eagle_reg        0x1fff0dcc    0x64  Data  Gb  VCAN_OV7725_Eagle.o [1]
ov7725_eagle_reg_init   0x0000793b    0xb0  Code  Lc  VCAN_OV7725_Eagle.o [1]
ov7725_eagle_vsync      0x00007879    0x8a  Code  Gb  VCAN_OV7725_Eagle.o [1]
param_reset             0x00000a7f   0x2b6  Code  Gb  picture_deal.o [1]
partition               0x0000257d    0x80  Code  Gb  picture_deal.o [1]
picture                 0x00000419    0x5e  Code  Gb  picture_deal.o [1]
pit_delay               0x00007ea9    0xb0  Code  Gb  MK60_PIT.o [1]
pll_init                0x0000712f    0xb2  Code  Gb  MK60_mcg.o [1]
point_len               0x1fffae3c    0xf0  Data  Gb  picture_deal.o [1]
port_init               0x00003b5d    0x44  Code  Gb  MK60_port.o [1]
port_init_NoALT         0x00003ba1    0x62  Code  Gb  MK60_port.o [1]
printf                  0x00003dcd    0x24  Code  Gb  printf.o [3]
putchar                 0x00008ca1     0xc  Code  Gb  putchar.o [3]
pwm                     0x1fff0db4     0x2  Data  Gb  speed_control.o [1]
quick_sort              0x000025fd    0x3e  Code  Gb  picture_deal.o [1]
really_speed            0x1fff0db8     0x2  Data  Gb  speed_control.o [1]
righ_line               0x1fffb04c    0xf0  Data  Gb  picture_deal.o [1]
s                       0x1fffb4fc     0x4  Data  Gb  picture_deal.o [1]
set_sys_dividers        0x1fff0fed    0x50  Code  Gb  MK60_mcg.o [1]
set_vector_handler      0x00007e7b    0x22  Code  Gb  misc.o [1]
sp_line                 0x1fff0cb8    0xf0  Data  Gb  picture_deal.o [1]
speed_control           0x00005ed1   0x726  Code  Gb  speed_control.o [1]
start                   0x000086b5    0x22  Code  Gb  system_MK60DZ10.o [1]
start_check             0x00003c71    0x9a  Code  Gb  MK60_conf.o [1]
start_line              0x1fffb13c    0xf0  Data  Gb  picture_deal.o [1]
steer_control           0x000081e5   0x15c  Code  Gb  steer_control.o [1]
strchr                  0x00004ae1          Code  Gb  strchr.o [5]
strlen                  0x00004af9          Code  Gb  strlen.o [5]
sysinit                 0x000086d7    0x3c  Code  Gb  system_MK60DZ10.o [1]
systick_delay           0x00003df1    0x36  Code  Gb  MK60_SysTick.o [1]
systick_delay_ms        0x00003e27    0x18  Code  Gb  MK60_SysTick.o [1]
ten_over_tack           0x00002695   0x588  Code  Gb  picture_deal.o [1]
uart_init               0x00002f75   0x218  Code  Gb  MK60_uart.o [1]
uart_putchar            0x0000318d    0x1a  Code  Gb  MK60_uart.o [1]
uart_rx_irq_dis         0x000031d1    0x3a  Code  Gb  MK60_uart.o [1]
uart_rx_irq_en          0x000031a7    0x2a  Code  Gb  MK60_uart.o [1]
vector_str              0x1fff0410   0x708  Data  Gb  MK60_conf.o [1]
wdog_disable            0x000087e5    0x16  Code  Gb  MK60_wdog.o [1]
wdog_unlock             0x000087fb    0x20  Code  Lc  MK60_wdog.o [1]
write_vtor              0x00007e59    0x22  Code  Gb  misc.o [1]
y                       0x1fffaf2c     0x4  Data  Gb  picture_deal.o [1]
yupangduan              0x00000dd5    0xce  Code  Gb  picture_deal.o [1]


[1] = C:\Users\94827\Desktop\高骏涛修改\后车2400\飞思卡尔程序\车 - 副本 - 副本\Prj\IAR\DZ10_Debug\Obj
[2] = command line
[3] = dl7M_tlf.a
[4] = m7M_tl.a
[5] = rt7M_tl.a

  30 458 bytes of readonly  code memory
     456 bytes of readwrite code memory
   5 738 bytes of readonly  data memory
  45 281 bytes of readwrite data memory

Errors: none
Warnings: none
